数据处理日志 2025-05-26 21:12:42.370978
==================================================
[2025-05-26 21:12:42] 开始数据处理流程
[2025-05-26 21:12:42] 找到 5 个数据文件
[2025-05-26 21:12:42] 正在处理文件: CH1.CSV
[2025-05-26 21:12:42] 文件 CH1.CSV: 原始行数 1000, 清理后行数 804, 删除行数 196
[2025-05-26 21:12:42] 正在处理文件: CH2.csv
[2025-05-26 21:12:42] 文件 CH2.csv: 原始行数 1000, 清理后行数 559, 删除行数 441
[2025-05-26 21:12:42] 正在处理文件: CH3.csv
[2025-05-26 21:12:42] 文件 CH3.csv: 原始行数 1000, 清理后行数 724, 删除行数 276
[2025-05-26 21:12:42] 正在处理文件: CH4.csv
[2025-05-26 21:12:42] 文件 CH4.csv: 原始行数 1000, 清理后行数 554, 删除行数 446
[2025-05-26 21:12:42] 正在处理文件: CH5.csv
[2025-05-26 21:12:42] 文件 CH5.csv: 原始行数 1000, 清理后行数 797, 删除行数 203
[2025-05-26 21:12:42] 正在标准化列名...
[2025-05-26 21:12:42] 合并数据文件...
[2025-05-26 21:12:42] 执行最终数据清理...
[2025-05-26 21:12:42] 文件 合并后的数据: 原始行数 3438, 清理后行数 3425, 删除行数 13
[2025-05-26 21:12:42] 数据已成功保存到 d:\code\Facespeak_v2\data\processed\combined_cleaned_data.csv
[2025-05-26 21:12:42] 数据处理完成！
